[CONFIRM ERROR] 2026-08-05T12:23:14.574Z: TypeError: Do not know how to serialize a BigInt
    at JSON.stringify (<anonymous>)
    at Object.json ([eval]:46:60)
    at exports.confirmBooking (M:\FLYANYTRIP FINAL UI\FLYANYTRIP MILAN\backend\controllers\booking.controller.js:652:25)
    at process.processTicksAndRejections (node:internal/process/task_queues:105:5)
    at async testConfirmFix ([eval]:51:3)
